Archive member included because of file (symbol)

/usr/local/CrossPack-AVR-20131216/lib/gcc/avr/4.8.1/avr25/tiny-stack/libgcc.a(_exit.o)
                              /usr/local/CrossPack-AVR-20131216/lib/gcc/avr/4.8.1/../../../../avr/lib/avr25/tiny-stack/crttn2313.o (exit)

Memory Configuration

Name             Origin             Length             Attributes
text             0x00000000         0x00002000         xr
data             0x00800060         0x0000ffa0         rw !x
eeprom           0x00810000         0x00010000         rw !x
fuse             0x00820000         0x00000400         rw !x
lock             0x00830000         0x00000400         rw !x
signature        0x00840000         0x00000400         rw !x
user_signatures  0x00850000         0x00000400         rw !x
*default*        0x00000000         0xffffffff

Linker script and memory map

LOAD /usr/local/CrossPack-AVR-20131216/lib/gcc/avr/4.8.1/../../../../avr/lib/avr25/tiny-stack/crttn2313.o
LOAD Builds/main.o
LOAD /usr/local/CrossPack-AVR-20131216/lib/gcc/avr/4.8.1/../../../../avr/lib/avr25/tiny-stack/libm.a
START GROUP
LOAD /usr/local/CrossPack-AVR-20131216/lib/gcc/avr/4.8.1/avr25/tiny-stack/libgcc.a
LOAD /usr/local/CrossPack-AVR-20131216/lib/gcc/avr/4.8.1/../../../../avr/lib/avr25/tiny-stack/libm.a
LOAD /usr/local/CrossPack-AVR-20131216/lib/gcc/avr/4.8.1/../../../../avr/lib/avr25/tiny-stack/libc.a
END GROUP

.hash
 *(.hash)

.dynsym
 *(.dynsym)

.dynstr
 *(.dynstr)

.gnu.version
 *(.gnu.version)

.gnu.version_d
 *(.gnu.version_d)

.gnu.version_r
 *(.gnu.version_r)

.rel.init
 *(.rel.init)

.rela.init
 *(.rela.init)

.rel.text
 *(.rel.text)
 *(.rel.text.*)
 *(.rel.gnu.linkonce.t*)

.rela.text
 *(.rela.text)
 *(.rela.text.*)
 *(.rela.gnu.linkonce.t*)

.rel.fini
 *(.rel.fini)

.rela.fini
 *(.rela.fini)

.rel.rodata
 *(.rel.rodata)
 *(.rel.rodata.*)
 *(.rel.gnu.linkonce.r*)

.rela.rodata
 *(.rela.rodata)
 *(.rela.rodata.*)
 *(.rela.gnu.linkonce.r*)

.rel.data
 *(.rel.data)
 *(.rel.data.*)
 *(.rel.gnu.linkonce.d*)

.rela.data
 *(.rela.data)
 *(.rela.data.*)
 *(.rela.gnu.linkonce.d*)

.rel.ctors
 *(.rel.ctors)

.rela.ctors
 *(.rela.ctors)

.rel.dtors
 *(.rel.dtors)

.rela.dtors
 *(.rela.dtors)

.rel.got
 *(.rel.got)

.rela.got
 *(.rela.got)

.rel.bss
 *(.rel.bss)

.rela.bss
 *(.rela.bss)

.rel.plt
 *(.rel.plt)

.rela.plt
 *(.rela.plt)

.text           0x00000000       0x3c
 *(.vectors)
 .vectors       0x00000000       0x26 /usr/local/CrossPack-AVR-20131216/lib/gcc/avr/4.8.1/../../../../avr/lib/avr25/tiny-stack/crttn2313.o
                0x00000000                __vectors
                0x00000000                __vector_default
 *(.vectors)
 *(.progmem.gcc*)
                0x00000026                . = ALIGN (0x2)
                0x00000026                __trampolines_start = .
 *(.trampolines)
 .trampolines   0x00000026        0x0 linker stubs
 *(.trampolines*)
                0x00000026                __trampolines_end = .
 *(.progmem*)
                0x00000026                . = ALIGN (0x2)
 *(.jumptables)
 *(.jumptables*)
 *(.lowtext)
 *(.lowtext*)
                0x00000026                __ctors_start = .
 *(.ctors)
                0x00000026                __ctors_end = .
                0x00000026                __dtors_start = .
 *(.dtors)
                0x00000026                __dtors_end = .
 SORT(*)(.ctors)
 SORT(*)(.dtors)
 *(.init0)
 .init0         0x00000026        0x0 /usr/local/CrossPack-AVR-20131216/lib/gcc/avr/4.8.1/../../../../avr/lib/avr25/tiny-stack/crttn2313.o
                0x00000026                __init
 *(.init0)
 *(.init1)
 *(.init1)
 *(.init2)
 .init2         0x00000026        0x8 /usr/local/CrossPack-AVR-20131216/lib/gcc/avr/4.8.1/../../../../avr/lib/avr25/tiny-stack/crttn2313.o
 *(.init2)
 *(.init3)
 *(.init3)
 *(.init4)
 *(.init4)
 *(.init5)
 *(.init5)
 *(.init6)
 *(.init6)
 *(.init7)
 *(.init7)
 *(.init8)
 *(.init8)
 *(.init9)
 .init9         0x0000002e        0x4 /usr/local/CrossPack-AVR-20131216/lib/gcc/avr/4.8.1/../../../../avr/lib/avr25/tiny-stack/crttn2313.o
 *(.init9)
 *(.text)
 .text          0x00000032        0x2 /usr/local/CrossPack-AVR-20131216/lib/gcc/avr/4.8.1/../../../../avr/lib/avr25/tiny-stack/crttn2313.o
                0x00000032                __vector_18
                0x00000032                __vector_12
                0x00000032                __bad_interrupt
                0x00000032                __vector_6
                0x00000032                __vector_3
                0x00000032                __vector_11
                0x00000032                __vector_13
                0x00000032                __vector_17
                0x00000032                __vector_7
                0x00000032                __vector_5
                0x00000032                __vector_4
                0x00000032                __vector_9
                0x00000032                __vector_2
                0x00000032                __vector_15
                0x00000032                __vector_8
                0x00000032                __vector_14
                0x00000032                __vector_10
                0x00000032                __vector_16
                0x00000032                __vector_1
 .text          0x00000034        0x2 Builds/main.o
                0x00000034                initIO
 .text          0x00000036        0x0 /usr/local/CrossPack-AVR-20131216/lib/gcc/avr/4.8.1/avr25/tiny-stack/libgcc.a(_exit.o)
                0x00000036                . = ALIGN (0x2)
 *(.text.*)
 .text.startup  0x00000036        0x2 Builds/main.o
                0x00000036                main
 .text.libgcc.mul
                0x00000038        0x0 /usr/local/CrossPack-AVR-20131216/lib/gcc/avr/4.8.1/avr25/tiny-stack/libgcc.a(_exit.o)
 .text.libgcc.div
                0x00000038        0x0 /usr/local/CrossPack-AVR-20131216/lib/gcc/avr/4.8.1/avr25/tiny-stack/libgcc.a(_exit.o)
 .text.libgcc   0x00000038        0x0 /usr/local/CrossPack-AVR-20131216/lib/gcc/avr/4.8.1/avr25/tiny-stack/libgcc.a(_exit.o)
 .text.libgcc.prologue
                0x00000038        0x0 /usr/local/CrossPack-AVR-20131216/lib/gcc/avr/4.8.1/avr25/tiny-stack/libgcc.a(_exit.o)
 .text.libgcc.builtins
                0x00000038        0x0 /usr/local/CrossPack-AVR-20131216/lib/gcc/avr/4.8.1/avr25/tiny-stack/libgcc.a(_exit.o)
 .text.libgcc.fmul
                0x00000038        0x0 /usr/local/CrossPack-AVR-20131216/lib/gcc/avr/4.8.1/avr25/tiny-stack/libgcc.a(_exit.o)
 .text.libgcc.fixed
                0x00000038        0x0 /usr/local/CrossPack-AVR-20131216/lib/gcc/avr/4.8.1/avr25/tiny-stack/libgcc.a(_exit.o)
                0x00000038                . = ALIGN (0x2)
 *(.fini9)
 .fini9         0x00000038        0x0 /usr/local/CrossPack-AVR-20131216/lib/gcc/avr/4.8.1/avr25/tiny-stack/libgcc.a(_exit.o)
                0x00000038                exit
                0x00000038                _exit
 *(.fini9)
 *(.fini8)
 *(.fini8)
 *(.fini7)
 *(.fini7)
 *(.fini6)
 *(.fini6)
 *(.fini5)
 *(.fini5)
 *(.fini4)
 *(.fini4)
 *(.fini3)
 *(.fini3)
 *(.fini2)
 *(.fini2)
 *(.fini1)
 *(.fini1)
 *(.fini0)
 .fini0         0x00000038        0x4 /usr/local/CrossPack-AVR-20131216/lib/gcc/avr/4.8.1/avr25/tiny-stack/libgcc.a(_exit.o)
 *(.fini0)
                0x0000003c                _etext = .

.data           0x00800060        0x0 load address 0x0000003c
                0x00800060                PROVIDE (__data_start, .)
 *(.data)
 .data          0x00800060        0x0 /usr/local/CrossPack-AVR-20131216/lib/gcc/avr/4.8.1/../../../../avr/lib/avr25/tiny-stack/crttn2313.o
 .data          0x00800060        0x0 Builds/main.o
 .data          0x00800060        0x0 /usr/local/CrossPack-AVR-20131216/lib/gcc/avr/4.8.1/avr25/tiny-stack/libgcc.a(_exit.o)
 *(.data*)
 *(.rodata)
 *(.rodata*)
 *(.gnu.linkonce.d*)
                0x00800060                . = ALIGN (0x2)
                0x00800060                _edata = .
                0x00800060                PROVIDE (__data_end, .)

.bss            0x00800060        0x0
                0x00800060                PROVIDE (__bss_start, .)
 *(.bss)
 .bss           0x00800060        0x0 /usr/local/CrossPack-AVR-20131216/lib/gcc/avr/4.8.1/../../../../avr/lib/avr25/tiny-stack/crttn2313.o
 .bss           0x00800060        0x0 Builds/main.o
 .bss           0x00800060        0x0 /usr/local/CrossPack-AVR-20131216/lib/gcc/avr/4.8.1/avr25/tiny-stack/libgcc.a(_exit.o)
 *(.bss*)
 *(COMMON)
                0x00800060                PROVIDE (__bss_end, .)
                0x0000003c                __data_load_start = LOADADDR (.data)
                0x0000003c                __data_load_end = (__data_load_start + SIZEOF (.data))

.noinit         0x00800060        0x0
                0x00800060                PROVIDE (__noinit_start, .)
 *(.noinit*)
                0x00800060                PROVIDE (__noinit_end, .)
                0x00800060                _end = .
                0x00800060                PROVIDE (__heap_start, .)

.eeprom         0x00810000        0x0
 *(.eeprom*)
                0x00810000                __eeprom_end = .

.fuse
 *(.fuse)
 *(.lfuse)
 *(.hfuse)
 *(.efuse)

.lock
 *(.lock*)

.signature
 *(.signature*)

.user_signatures
 *(.user_signatures*)

.stab           0x00000000      0x4f8
 *(.stab)
 .stab          0x00000000      0x4f8 Builds/main.o

.stabstr        0x00000000      0xd91
 *(.stabstr)
 .stabstr       0x00000000      0xd91 Builds/main.o

.stab.excl
 *(.stab.excl)

.stab.exclstr
 *(.stab.exclstr)

.stab.index
 *(.stab.index)

.stab.indexstr
 *(.stab.indexstr)

.comment        0x00000000       0x11
 *(.comment)
 .comment       0x00000000       0x11 Builds/main.o
                                 0x12 (size before relaxing)

.debug
 *(.debug)

.line
 *(.line)

.debug_srcinfo
 *(.debug_srcinfo)

.debug_sfnames
 *(.debug_sfnames)

.debug_aranges  0x00000000       0x20
 *(.debug_aranges)
 .debug_aranges
                0x00000000       0x20 /usr/local/CrossPack-AVR-20131216/lib/gcc/avr/4.8.1/avr25/tiny-stack/libgcc.a(_exit.o)

.debug_pubnames
 *(.debug_pubnames)

.debug_info     0x00000000       0xcd
 *(.debug_info)
 .debug_info    0x00000000       0xcd /usr/local/CrossPack-AVR-20131216/lib/gcc/avr/4.8.1/avr25/tiny-stack/libgcc.a(_exit.o)
 *(.gnu.linkonce.wi.*)

.debug_abbrev   0x00000000       0x14
 *(.debug_abbrev)
 .debug_abbrev  0x00000000       0x14 /usr/local/CrossPack-AVR-20131216/lib/gcc/avr/4.8.1/avr25/tiny-stack/libgcc.a(_exit.o)

.debug_line     0x00000000       0x5b
 *(.debug_line)
 .debug_line    0x00000000       0x5b /usr/local/CrossPack-AVR-20131216/lib/gcc/avr/4.8.1/avr25/tiny-stack/libgcc.a(_exit.o)

.debug_frame
 *(.debug_frame)

.debug_str
 *(.debug_str)

.debug_loc
 *(.debug_loc)

.debug_macinfo
 *(.debug_macinfo)

.debug_pubtypes
 *(.debug_pubtypes)

.debug_ranges
 *(.debug_ranges)

.debug_macro
 *(.debug_macro)
OUTPUT(Builds/main.elf elf32-avr)
LOAD linker stubs

Cross Reference Table

Symbol                                            File
__bad_interrupt                                   /usr/local/CrossPack-AVR-20131216/lib/gcc/avr/4.8.1/../../../../avr/lib/avr25/tiny-stack/crttn2313.o
__heap_end                                        /usr/local/CrossPack-AVR-20131216/lib/gcc/avr/4.8.1/../../../../avr/lib/avr25/tiny-stack/crttn2313.o
__init                                            /usr/local/CrossPack-AVR-20131216/lib/gcc/avr/4.8.1/../../../../avr/lib/avr25/tiny-stack/crttn2313.o
__stack                                           /usr/local/CrossPack-AVR-20131216/lib/gcc/avr/4.8.1/../../../../avr/lib/avr25/tiny-stack/crttn2313.o
__vector_1                                        /usr/local/CrossPack-AVR-20131216/lib/gcc/avr/4.8.1/../../../../avr/lib/avr25/tiny-stack/crttn2313.o
__vector_10                                       /usr/local/CrossPack-AVR-20131216/lib/gcc/avr/4.8.1/../../../../avr/lib/avr25/tiny-stack/crttn2313.o
__vector_11                                       /usr/local/CrossPack-AVR-20131216/lib/gcc/avr/4.8.1/../../../../avr/lib/avr25/tiny-stack/crttn2313.o
__vector_12                                       /usr/local/CrossPack-AVR-20131216/lib/gcc/avr/4.8.1/../../../../avr/lib/avr25/tiny-stack/crttn2313.o
__vector_13                                       /usr/local/CrossPack-AVR-20131216/lib/gcc/avr/4.8.1/../../../../avr/lib/avr25/tiny-stack/crttn2313.o
__vector_14                                       /usr/local/CrossPack-AVR-20131216/lib/gcc/avr/4.8.1/../../../../avr/lib/avr25/tiny-stack/crttn2313.o
__vector_15                                       /usr/local/CrossPack-AVR-20131216/lib/gcc/avr/4.8.1/../../../../avr/lib/avr25/tiny-stack/crttn2313.o
__vector_16                                       /usr/local/CrossPack-AVR-20131216/lib/gcc/avr/4.8.1/../../../../avr/lib/avr25/tiny-stack/crttn2313.o
__vector_17                                       /usr/local/CrossPack-AVR-20131216/lib/gcc/avr/4.8.1/../../../../avr/lib/avr25/tiny-stack/crttn2313.o
__vector_18                                       /usr/local/CrossPack-AVR-20131216/lib/gcc/avr/4.8.1/../../../../avr/lib/avr25/tiny-stack/crttn2313.o
__vector_2                                        /usr/local/CrossPack-AVR-20131216/lib/gcc/avr/4.8.1/../../../../avr/lib/avr25/tiny-stack/crttn2313.o
__vector_3                                        /usr/local/CrossPack-AVR-20131216/lib/gcc/avr/4.8.1/../../../../avr/lib/avr25/tiny-stack/crttn2313.o
__vector_4                                        /usr/local/CrossPack-AVR-20131216/lib/gcc/avr/4.8.1/../../../../avr/lib/avr25/tiny-stack/crttn2313.o
__vector_5                                        /usr/local/CrossPack-AVR-20131216/lib/gcc/avr/4.8.1/../../../../avr/lib/avr25/tiny-stack/crttn2313.o
__vector_6                                        /usr/local/CrossPack-AVR-20131216/lib/gcc/avr/4.8.1/../../../../avr/lib/avr25/tiny-stack/crttn2313.o
__vector_7                                        /usr/local/CrossPack-AVR-20131216/lib/gcc/avr/4.8.1/../../../../avr/lib/avr25/tiny-stack/crttn2313.o
__vector_8                                        /usr/local/CrossPack-AVR-20131216/lib/gcc/avr/4.8.1/../../../../avr/lib/avr25/tiny-stack/crttn2313.o
__vector_9                                        /usr/local/CrossPack-AVR-20131216/lib/gcc/avr/4.8.1/../../../../avr/lib/avr25/tiny-stack/crttn2313.o
__vector_default                                  /usr/local/CrossPack-AVR-20131216/lib/gcc/avr/4.8.1/../../../../avr/lib/avr25/tiny-stack/crttn2313.o
__vectors                                         /usr/local/CrossPack-AVR-20131216/lib/gcc/avr/4.8.1/../../../../avr/lib/avr25/tiny-stack/crttn2313.o
_exit                                             /usr/local/CrossPack-AVR-20131216/lib/gcc/avr/4.8.1/avr25/tiny-stack/libgcc.a(_exit.o)
exit                                              /usr/local/CrossPack-AVR-20131216/lib/gcc/avr/4.8.1/avr25/tiny-stack/libgcc.a(_exit.o)
                                                  /usr/local/CrossPack-AVR-20131216/lib/gcc/avr/4.8.1/../../../../avr/lib/avr25/tiny-stack/crttn2313.o
initIO                                            Builds/main.o
main                                              Builds/main.o
                                                  /usr/local/CrossPack-AVR-20131216/lib/gcc/avr/4.8.1/../../../../avr/lib/avr25/tiny-stack/crttn2313.o
